A51 MACRO ASSEMBLER  PROJ                                                                 10/12/2022 18:47:24 PAGE     1


MACRO ASSEMBLER A51 V8.2.7.0
OBJECT MODULE PLACED IN .\Objects\proj.obj
ASSEMBLER INVOKED BY: C:\Keil_v5\C51\BIN\A51.EXE proj.a51 SET(SMALL) DEBUG PRINT(.\Listings\proj.lst) OBJECT(.\Objects\p
                      roj.obj) EP

LOC  OBJ            LINE     SOURCE

0000                   1                     ORG 00H
0000 802E              2                     JMP MAIN
0003                   3                     ORG 03H
0003 803A              4                     JMP INT_0
0030                   5                     ORG 30H
0030                   6     MAIN:
0030 D2AF              7                     SETB EA
0032 D2A8              8                     SETB EX0
0034 D288              9                     SETB IT0
0036 7400             10                     MOV A,#00000000B
                      11                     
0038                  12     FLICKER:        
0038 F580             13                     MOV P0,A
003A F4               14                     CPL A                   ;CONVERSE POSITION LOGICAL
003B 1160             15                     ACALL DELAY
003D 80F9             16                     SJMP FLICKER
                      17     
003F                  18     INT_0:
003F C0D0             19                     PUSH PSW                ;SAVE
0041 C0E0             20                     PUSH ACC
                      21                     
0043 7802             22                     MOV R0,#2
0045 7401             23                     MOV A,#00000001B
0047                  24     ROUND_FACE_SHIFT:       
0047 7907             25                     MOV R1,#7
0049 7A07             26                     MOV R2,#7
                      27                     
004B                  28     FORR1:                                  ;CLOCKWISE
004B F580             29                     MOV P0,A
004D 23               30                     RL A
004E 1160             31                     ACALL DELAY
0050 D9F9             32                     DJNZ R1,FORR1
                      33                     
0052                  34     FORR2:                                  ;COUNTERCLOCKWISE
0052 F580             35                     MOV P0,A
0054 03               36                     RR A
0055 1160             37                     ACALL DELAY
0057 DAF9             38                     DJNZ R2,FORR2
                      39                     
0059 D8EC             40                     DJNZ R0,ROUND_FACE_SHIFT
                      41                     
005B D0E0             42                     POP ACC                 ;RECOVER
005D D0D0             43                     POP PSW
005F 32               44                     RETI
                      45                     
0060                  46     DELAY:
0060 7E00             47                     MOV R6,#0
0062 7F00             48     FORR6:  MOV R7,#0
0064 DFFE             49     FORR7:  DJNZ R7,FORR7
0066 DEFA             50                     DJNZ R6,FORR6
0068 22               51                     RET
                      52     END
A51 MACRO ASSEMBLER  PROJ                                                                 10/12/2022 18:47:24 PAGE     2

SYMBOL TABLE LISTING
------ ----- -------


N A M E             T Y P E  V A L U E   ATTRIBUTES

ACC. . . . . . . .  D ADDR   00E0H   A   
DELAY. . . . . . .  C ADDR   0060H   A   
EA . . . . . . . .  B ADDR   00A8H.7 A   
EX0. . . . . . . .  B ADDR   00A8H.0 A   
FLICKER. . . . . .  C ADDR   0038H   A   
FORR1. . . . . . .  C ADDR   004BH   A   
FORR2. . . . . . .  C ADDR   0052H   A   
FORR6. . . . . . .  C ADDR   0062H   A   
FORR7. . . . . . .  C ADDR   0064H   A   
INT_0. . . . . . .  C ADDR   003FH   A   
IT0. . . . . . . .  B ADDR   0088H.0 A   
MAIN . . . . . . .  C ADDR   0030H   A   
P0 . . . . . . . .  D ADDR   0080H   A   
PSW. . . . . . . .  D ADDR   00D0H   A   
ROUND_FACE_SHIFT .  C ADDR   0047H   A   


REGISTER BANK(S) USED: 0 


ASSEMBLY COMPLETE.  0 WARNING(S), 0 ERROR(S)
